// Jest Snapshot v1, https://goo.gl/fbAQLP

exports[`Tree matches snapshot 1`] = `
<DocumentFragment>
  <template
    data-react-aria-hidden="true"
  />
  <span
    data-focus-scope-start="true"
    hidden=""
  />
  <div
    class="sc-bczRLJ hWiIYF"
    data-collection="react-aria-1"
    data-rac=""
    id="react-aria-2"
    role="treegrid"
    tabindex="0"
  >
    <div
      aria-expanded="false"
      aria-label="1"
      aria-level="1"
      aria-posinset="1"
      aria-setsize="1"
      class="sc-gsnTZi gVKDeu"
      data-collection="react-aria-1"
      data-has-child-items="true"
      data-key="1"
      data-level="1"
      data-rac=""
      data-react-aria-pressable="true"
      id="react-aria-2-1"
      role="row"
      style="--tree-item-level: 1;"
      tabindex="-1"
    >
      <div
        aria-colindex="1"
        role="gridcell"
        style="display: contents;"
      >
        <label
          class="checkbox-label"
          style="--checkbox-font-weight: 400; --checkbox-color: inherit;"
        >
          <input
            class="checkbox-input"
            slot="check"
            style="--checkbox-size: 1.4rem; --checkbox-bg: #026AA1; --checkbox-border-unchecked: 1px solid #6f6f6f; --checkbox-border-checked: 1px solid #026AA1; --checkbox-checkmark: url('data:image/svg+xml,<svg height=\\"125px\\" width=\\"125px\\" version=\\"1.1\\" id=\\"Capa_1\\" xmlns=\\"http://www.w3.org/2000/svg\\" xmlns:xlink=\\"http://www.w3.org/1999/xlink\\" viewBox=\\"0 0 17.837 17.837\\" xml:space=\\"preserve\\" fill=\\"%23000000\\"><g id=\\"SVGRepo_bgCarrier\\" stroke-width=\\"0\\"></g><g id=\\"SVGRepo_tracerCarrier\\" stroke-linecap=\\"round\\" stroke-linejoin=\\"round\\"></g><g id=\\"SVGRepo_iconCarrier\\"><g><path style=\\"fill:%23fff;\\" d=\\"M16.145,2.571c-0.272-0.273-0.718-0.273-0.99,0L6.92,10.804l-4.241-4.27 c-0.272-0.274-0.715-0.274-0.989,0L0.204,8.019c-0.272,0.271-0.272,0.717,0,0.99l6.217,6.258c0.272,0.271,0.715,0.271,0.99,0 L17.63,5.047c0.276-0.273,0.276-0.72,0-0.994L16.145,2.571z\\"></path></g></g></svg>'); --checkbox-opacity: 1;"
            type="checkbox"
            value="one"
          />
          First
        </label>
        <div
          class="sc-hKMtZM gDQLFf"
        >
          <button
            aria-label="expand/collapse"
            aria-labelledby="react-aria-5 react-aria-2-1"
            class="sc-eCYdqJ fIxumb"
            data-rac=""
            data-react-aria-pressable="true"
            data-react-aria-prevent-focus="true"
            id="react-aria-5"
            slot="chevron"
            tabindex="-1"
            type="button"
          >
            <svg
              viewBox="0 0 24 24"
            >
              <path
                d="m8.25 4.5 7.5 7.5-7.5 7.5"
              />
            </svg>
            Show/Hide
          </button>
        </div>
      </div>
    </div>
  </div>
  <span
    data-focus-scope-end="true"
    hidden=""
  />
</DocumentFragment>
`;
