// Jest Snapshot v1, https://goo.gl/fbAQLP

exports[`ErrorBoundary captures unhandled rejections 1`] = `
<div
  className="sc-eCYdqJ GurhM"
  data-testid="error"
>
  <h3
    className="sc-hKMtZM fYUfXw"
  >
    Uh-oh, there's been a glitch
  </h3>
  We're not quite sure what went wrong. Restart your browser. If this doesn't solve the problem, visit our 
  <a
    href="https://openstax.secure.force.com/help"
    target="_blank"
  >
    Support Center
  </a>
  .
  <div
    className="sc-jqUVSM iYpgOz"
  />
</div>
`;
