// Jest Snapshot v1, https://goo.gl/fbAQLP

exports[`Text matches body snapshot 1`] = `
<p
  className="text-paragraph"
>
  This is a paragraph
</p>
`;

exports[`Text matches h2 snapshot 1`] = `
<h2
  className="text-h2"
>
  This is a heading
</h2>
`;

exports[`Text matches h3 snapshot 1`] = `
<h3
  className="text-h3"
>
  This is a heading
</h3>
`;
